../Core/Src/main.c:195:5:main	16	static
../Core/Src/main.c:874:6:SystemClock_Config	88	static
../Core/Src/main.c:1003:6:HAL_GPIO_EXTI_Callback	24	static
../Core/Src/main.c:1034:6:PrintToScreen	8	static
../Core/Src/main.c:1047:11:getNextGesture	16	static
../Core/Src/main.c:1073:11:readButtonAndDetermineGesture	8	static
../Core/Src/main.c:1435:13:HAL_GPIO_EXTI_Callback_M3	24	static
../Core/Src/main.c:1457:14:HAL_GPIO_EXTI_Callback_M4	24	static
../Core/Src/main.c:1480:16:HAL_GPIO_EXTI_Callback_M6	24	static
../Core/Src/main.c:1515:6:Error_Handler	4	static,ignoring_inline_asm
